// Jest Snapshot v1, https://goo.gl/fbAQLP

exports[`Search has a valid snapshot 1`] = `
<div
  data-test="search-form"
>
  <form>
    Search
    <input
      type="text"
    />
    <button
      type="submit"
    >
      Search
    </button>
  </form>
</div>
`;
