// Jest Snapshot v1, https://goo.gl/fbAQLP

exports[`Button tests has a valid snapshot 1`] = `
<button
  type="button"
>
  Click me
</button>
`;
