// Jest Snapshot v1, https://goo.gl/fbAQLP

exports[`App has a valid snapshot 1`] = `
<div
  className="page"
  data-test="page"
>
  <div
    className="interactions"
  >
    <div
      data-test="search-form"
    >
      <form
        onSubmit={[Function]}
      >
        Search
        <input
          onChange={[Function]}
          type="text"
          value="redux"
        />
        <button
          type="submit"
        >
          Search
        </button>
      </form>
    </div>
  </div>
  <div
    className="table"
  >
    <div
      className="table-header"
    >
      <span
        style={
          Object {
            "width": "40%",
          }
        }
      >
        <div>
          <button
            className="button-inline"
            onClick={[Function]}
            type="button"
          >
            Title
          </button>
        </div>
      </span>
      <span
        style={
          Object {
            "width": "30%",
          }
        }
      >
        <div>
          <button
            className="button-inline"
            onClick={[Function]}
            type="button"
          >
            Author
          </button>
        </div>
      </span>
      <span
        style={
          Object {
            "width": "10%",
          }
        }
      >
        <div>
          <button
            className="button-inline"
            onClick={[Function]}
            type="button"
          >
            Comments
          </button>
        </div>
      </span>
      <span
        style={
          Object {
            "width": "10%",
          }
        }
      >
        <div>
          <button
            className="button-inline"
            onClick={[Function]}
            type="button"
          >
            Points
          </button>
        </div>
      </span>
      <span
        style={
          Object {
            "width": "10%",
          }
        }
      >
        Archive
      </span>
    </div>
  </div>
  <div
    className="interactions"
  >
    <div>
      Loading...
    </div>
  </div>
</div>
`;
